FILE,LOC,CST,SYMBOLS,TOKENS,ERRORS
case_kw_instead_of_switch_kw.religo,6,31,21,17,3
extra_eq_in_func_decl.religo,0,0,0,0,0
extra_semicolon.religo,5,18,16,19,1
extra_vbar_in_type_declaration.religo,2,7,3,2,0
extra_vertical_bar.religo,1,4,4,4,0
fun_kw_instead_of_let_kw.religo,6,37,37,34,0
lambda_with_missing_arguments.religo,3,31,13,8,1
missing_arrow_in_lambda_expr.religo,5,22,14,2,0
missing_arrow_in_match_expr.religo,0,0,0,0,0
missing_comma_in_arguments.religo,3,65,29,22,3
missing_comma_in_record_decl.religo,7,3,3,4,0
missing_dot_in_list_pat.religo,2,2,2,1,0
missing_dot_in_record_update.religo,2,13,11,3,0
missing_eq_in_type_decl.religo,0,0,0,0,0
missing_ident_in_type_decl.religo,2,2,2,2,0
missing_int.religo,2,6,6,2,0
missing_module_kw_in_module_decl.religo,10,103,5,6,1
missing_name_of_argument.religo,2,2,2,2,0
missing_vbar_in_type_declaration.religo,2,13,5,5,0
missing_vertical_bar.religo,3,27,13,11,1
typo_in_switch_kw.religo,6,31,21,17,3
unfinished_code00.religo,1,373,7,5,0
unfinished_code01.religo,2,2,2,2,0
unfinished_code02.religo,2,9,7,9,0
unfinished_code04.religo,5,23,21,21,0
unfinished_code05.religo,5,12,12,9,0
unfinished_code06.religo,2,9,9,5,0
unfinished_code07.religo,2,2,2,2,0
unfinished_code08.religo,2,7,5,6,0
unfinished_code09.religo,2,2,2,2,0
unfinished_code10.religo,6,21,21,16,0
unfinished_code11.religo,2,2,2,2,0
unfinished_code12.religo,4,16,10,6,0
unfinished_code13.religo,4,13,11,9,0
