FILE,LOC,CST,SYMBOLS,TOKENS,ERRORS
extra_arrow_in_case_expr.ligo,0,0,0,0,0
extra_colon_in_const_decl.ligo,0,0,0,0,0
extra_eq_in_func_decl.ligo,0,0,0,0,0
extra_then_kw.ligo,0,0,0,0,0
extra_vertical_bar.ligo,0,0,0,0,0
lambda_with_missing_arguments.ligo,2,7,7,4,0
let_kw_instead_of_function_kw.ligo,8,80,46,18,8
match_kw_instead_of_case_kw.ligo,4,34,24,12,4
missing_argument_bracketR.ligo,0,0,0,0,0
missing_arrow_in_match_expr.ligo,0,0,0,0,0
missing_colon_in_var_decl.ligo,0,0,0,0,0
missing_cons_op_in_list_pat.ligo,2,16,8,4,1
missing_end_kw_in_the_nested_module.ligo,2,10,4,2,0
missing_eq_in_record_expr.ligo,2,27,17,8,1
missing_expr_parenthesesL.ligo,4,63,13,4,0
missing_expr_parenthesesR.ligo,5,72,20,8,0
missing_ident_in_type_decl.ligo,2,2,2,2,0
missing_int.ligo,2,4,4,2,0
missing_is_kw_in_lambda_expr.ligo,0,0,0,0,0
missing_is_kw_in_type_decl.ligo,0,0,0,0,0
missing_module_kw_in_module_decl.ligo,11,99,5,5,1
missing_name_of_argument.ligo,5,2,2,2,0
missing_of_kw.ligo,2,13,9,5,0
missing_semicolon_between_stmts.ligo,29,257,95,58,1
missing_semicolon_in_arguments.ligo,7,43,19,8,2
missing_semicolon_in_record_decl.ligo,7,4,4,4,0
missing_then_kw.ligo,2,13,7,3,0
missing_vertical_bar.ligo,2,22,14,4,1
missing_with_kw_in_block_expr.ligo,0,0,0,0,0
typo_in_case_kw.ligo,4,42,30,11,5
typo_in_function_kw.ligo,7,52,24,13,2
typo_in_with_kw_in_record_update.ligo,2,31,11,4,1
unfinished_code00.ligo,5,26,10,3,0
unfinished_code01.ligo,2,3,3,2,0
unfinished_code02.ligo,2,11,11,7,0
unfinished_code03.ligo,3,8,6,4,0
unfinished_code04.ligo,10,52,34,21,0
unfinished_code05.ligo,12,122,10,5,0
unfinished_code06.ligo,2,7,7,5,0
unfinished_code07.ligo,2,3,3,2,0
unfinished_code08.ligo,2,4,4,2,0
unfinished_code09.ligo,2,2,2,2,0
unfinished_code10.ligo,5,29,29,16,0
unfinished_code11.ligo,2,4,4,2,0
unfinished_code12.ligo,2,6,6,4,0
unfinished_code13.ligo,4,14,14,9,0
