FILE,LOC,CST,SYMBOLS,TOKENS,ERRORS
16is_nat.religo,5,36,18,13,3
16local_type_decl.religo,12,72,22,11,3
1arithmetic.religo,2,23,23,15,0
1bytes_arithmetic.religo,4,18,14,9,2
1closure.religo,14,148,40,15,3
1loop.religo,34,154,34,17,5
1match_bis.religo,17,146,64,31,6
1multisig.religo,29,147,31,30,6
2big_map.religo,10,84,48,21,3
2crypto.religo,4,28,18,6,1
2increment.religo,9,74,64,62,2
2michelson_insertion.religo,6,37,17,8,1
2record.religo,8,102,102,72,5
2self_address.religo,2,16,16,8,1
2set_delegate.religo,7,70,36,20,2
4basic.religo,2,25,19,9,0
4local_type_decl.religo,15,93,37,13,5
4match_bis.religo,11,97,13,7,3
4pledge.religo,25,122,86,75,10
4tuples_no_annotation.religo,2,51,15,6,2
8self_address.religo,2,41,5,5,0
8tuples_no_annotation.religo,4,95,13,7,3
