STATUS,FILE,LOC,CST,SYMBOLS,TOKENS,ERRORS
PASS,16tuples_sequences_functions.jsligo,42,629,213,91,27
PASS,1assignment_operators.jsligo,19,119,3,4,1
PASS,1high-order.jsligo,15,206,38,16,6
PASS,1never.jsligo,14,196,54,22,8
PASS,2amount.jsligo,3,55,11,9,2
PASS,2bytes_unpack.jsligo,13,168,40,16,9
PASS,2counter.jsligo,8,94,14,8,1
PASS,2if_if_return.jsligo,5,165,15,5,2
PASS,2key_hash.jsligo,14,139,27,13,4
PASS,2local_type_decl.jsligo,5,106,8,2,2
PASS,2match_bis.jsligo,23,244,82,31,14
PASS,2super-counter.jsligo,10,189,47,18,12
PASS,4balance_constant.jsligo,11,125,41,13,5
PASS,4check_signature.jsligo,11,107,59,21,8
PASS,4if_if_return.jsligo,6,154,24,11,1
PASS,4lambda2.jsligo,9,118,14,10,2
PASS,4match.jsligo,8,117,37,17,5
PASS,4never.jsligo,12,200,102,43,15
PASS,4recursion.jsligo,14,149,67,37,8
PASS,8assert.jsligo,16,121,37,16,6
PASS,8eq_bool.jsligo,6,61,11,4,1
PASS,8recursion.jsligo,7,124,38,20,4
