type parameter is unit

type storage is tez

type return is list (operation) * storage

function main
  (const param : parameter;
   const store : storage) : return is
  ((nil : list (operation)), Tezos.balance)
