type parameter = unit

type storage = tez

type return = operation list * storage

let main (p, s : parameter * storage) : return =
  ([] : operation list), Tezos.balance
