type t is int

function main (const p : int; const s : t)
  : list (operation) * int is
block {
  skip
} with ((nil : list (operation)), p + s)
