function f (const x : unit) : unit is Unit

function main (const p : unit; const s : unit) : unit is
  f (Unit)
