function main (const p : unit) : address is
  Tezos.self_address
