function iter_op (const s : set (int)) : int is
block {
  var r : int := 0;
  function aggregate (const i : int) : unit is
  block {
    r := r + i
  } with unit;
  set_iter (aggregate, s)
} with r

function fold_op (const s : set (int)) : int is
block {
  function aggregate (const i : int; const j : int) : int is
    i + j
} with set_fold (aggregate, s, 15)
