STATUS,FILE,LOC,CST,SYMBOLS,TOKENS,ERRORS
PASS,1annotated_michelson_record_tree.mligo,46,365,105,31,15
PASS,1condition.mligo,22,160,14,5,2
PASS,1incr_decr.mligo,15,82,12,8,2
PASS,1local_type_decl.mligo,10,70,30,13,3
PASS,1match_bis.mligo,15,82,12,8,2
PASS,1record.mligo,68,577,83,18,17
PASS,1ticket_builder.mligo,41,352,40,15,9
PASS,1ticket_wallet.mligo,143,868,92,34,17
PASS,1voting.mligo,9,107,47,27,2
PASS,2address.mligo,11,65,21,7,3
PASS,2annotated_michelson_record_comb.mligo,64,505,61,16,13
PASS,2let_destructuring.mligo,64,972,84,21,14
PASS,2let_multiple.mligo,51,577,85,19,15
PASS,2local_type_decl.mligo,12,84,22,4,2
PASS,2warning_unused.mligo,17,169,17,4,3
PASS,4assert.mligo,29,302,62,17,9
PASS,4check_signature.mligo,14,108,42,12,5
PASS,4fibo.mligo,30,205,55,13,8
PASS,4k.mligo,22,150,30,11,3
PASS,4michelson_or_tree.mligo,4,103,13,10,1
PASS,4super-counter.mligo,17,126,44,9,4
PASS,4ticket_wallet.mligo,152,925,221,67,38
