FILE,LOC,CST,SYMBOLS,TOKENS,ERRORS
1loop.ligo,108,639,255,142,35
1loop7.ligo,25,174,22,9,2
1multisig.ligo,53,296,64,27,8
1recursion.ligo,11,93,29,17,4
1set_arithmetic.ligo,49,342,112,61,18
2condition.ligo,23,200,110,53,17
2function-complex.ligo,14,86,72,40,6
2hashlock.ligo,46,333,77,31,11
2lambda2.ligo,14,147,39,18,6
2long_assign.ligo,78,635,207,135,21
2long_remove.ligo,35,206,62,31,11
2loop13.ligo,21,147,27,12,4
2loop18.ligo,21,96,58,24,8
2michelson_pair_tree_intermediary.ligo,11,99,49,32,4
2replaceable_id.ligo,34,202,58,24,8
2transpiler_nested.ligo,7,60,20,13,2
4closure.ligo,10,115,21,6,2
4failwith.ligo,44,335,143,68,21
4super-counter.ligo,14,139,69,26,10
8check_signature.ligo,10,80,22,9,2
8function-complex.ligo,8,94,50,31,4
8loop9.ligo,11,192,62,39,4
